$ /usr/bin/python3 -m pip -q install transformers==4.42.4 diffusers==0.30.3 accelerate safetensors scipy imageio-ffmpeg soundfile -> 0 ncompatible.
xarray-einstats 0.10.0 requires numpy>=2.0, but you have numpy 1.26.4 which is incompatible.
tifffile 2026.4.11 requires numpy>=2.0, but you have numpy 1.26.4 which is incompatible.
opencv-contrib-python 4.13.0.92 requires numpy>=2; python_version >= "3.9", but you have numpy 1.26.4 which is incompatible.
shap 0.51.0 requires numpy>=2, but you have numpy 1.26.4 which is incompatible.

$ /usr/bin/python3 -m pip -q uninstall -y peft -> 0 
ffmpeg /usr/local/lib/python3.12/dist-packages/imageio_ffmpeg/binaries/ffmpeg-linux-x86_64-v7.0.2 | GPU Tesla T4
$ /usr/local/lib/python3.12/dist-packages/imageio_ffmpeg/binaries/ffmpeg-linux-x86_64-v7.0.2 -y -i /tmp/amb_rain.wav -af "afade=t=in:d=0.01,afade=t=out:st=9.85:d=0.15" -ac 1 -b:a 56k /kaggle/working/amb_rain.mp3 -> 0 /kaggle/working/amb_rain.mp3':
  Metadata:
    TSSE            : Lavf61.1.100
  Stream #0:0: Audio: mp3, 16000 Hz, mono, s16p, 56 kb/s
      Metadata:
        encoder         : Lavc61.3.100 libmp3lame
[out#0/mp3 @ 0x76c3700] video:0KiB audio:69KiB subtitle:0KiB other streams:0KiB global headers:0KiB muxing overhead: 0.419501%
size=      69KiB time=00:00:10.00 bitrate=  56.7kbits/s speed= 161x    

sfx ok amb_rain
$ /usr/local/lib/python3.12/dist-packages/imageio_ffmpeg/binaries/ffmpeg-linux-x86_64-v7.0.2 -y -i /tmp/amb_wind.wav -af "afade=t=in:d=0.01,afade=t=out:st=9.85:d=0.15" -ac 1 -b:a 56k /kaggle/working/amb_wind.mp3 -> 0 kaggle/working/amb_wind.mp3':
  Metadata:
    TSSE            : Lavf61.1.100
  Stream #0:0: Audio: mp3, 16000 Hz, mono, s16p, 56 kb/s
      Metadata:
        encoder         : Lavc61.3.100 libmp3lame
[out#0/mp3 @ 0x42c77700] video:0KiB audio:69KiB subtitle:0KiB other streams:0KiB global headers:0KiB muxing overhead: 0.419501%
size=      69KiB time=00:00:10.00 bitrate=  56.7kbits/s speed= 175x    

sfx ok amb_wind
$ /usr/local/lib/python3.12/dist-packages/imageio_ffmpeg/binaries/ffmpeg-linux-x86_64-v7.0.2 -y -i /tmp/thunder.wav -af "afade=t=in:d=0.01,afade=t=out:st=5.85:d=0.15" -ac 1 -b:a 56k /kaggle/working/thunder.mp3 -> 0 /kaggle/working/thunder.mp3':
  Metadata:
    TSSE            : Lavf61.1.100
  Stream #0:0: Audio: mp3, 16000 Hz, mono, s16p, 56 kb/s
      Metadata:
        encoder         : Lavc61.3.100 libmp3lame
[out#0/mp3 @ 0x19417700] video:0KiB audio:42KiB subtitle:0KiB other streams:0KiB global headers:0KiB muxing overhead: 0.695031%
size=      42KiB time=00:00:06.00 bitrate=  57.2kbits/s speed= 207x    

sfx ok thunder
$ /usr/local/lib/python3.12/dist-packages/imageio_ffmpeg/binaries/ffmpeg-linux-x86_64-v7.0.2 -y -i /tmp/step_wet1.wav -af "afade=t=in:d=0.01,afade=t=out:st=1.4500000000000002:d=0.15" -ac 1 -b:a 56k /kaggle/working/step_wet1.mp3 -> 0 aggle/working/step_wet1.mp3':
  Metadata:
    TSSE            : Lavf61.1.100
  Stream #0:0: Audio: mp3, 16000 Hz, mono, s16p, 56 kb/s
      Metadata:
        encoder         : Lavc61.3.100 libmp3lame
[out#0/mp3 @ 0x23530380] video:0KiB audio:12KiB subtitle:0KiB other streams:0KiB global headers:0KiB muxing overhead: 2.499156%
size=      12KiB time=00:00:01.60 bitrate=  60.7kbits/s speed= 127x    

sfx ok step_wet1
$ /usr/local/lib/python3.12/dist-packages/imageio_ffmpeg/binaries/ffmpeg-linux-x86_64-v7.0.2 -y -i /tmp/step_wet2.wav -af "afade=t=in:d=0.01,afade=t=out:st=1.4500000000000002:d=0.15" -ac 1 -b:a 56k /kaggle/working/step_wet2.mp3 -> 0 aggle/working/step_wet2.mp3':
  Metadata:
    TSSE            : Lavf61.1.100
  Stream #0:0: Audio: mp3, 16000 Hz, mono, s16p, 56 kb/s
      Metadata:
        encoder         : Lavc61.3.100 libmp3lame
[out#0/mp3 @ 0x20886380] video:0KiB audio:12KiB subtitle:0KiB other streams:0KiB global headers:0KiB muxing overhead: 2.499156%
size=      12KiB time=00:00:01.60 bitrate=  60.7kbits/s speed= 145x    

sfx ok step_wet2
$ /usr/local/lib/python3.12/dist-packages/imageio_ffmpeg/binaries/ffmpeg-linux-x86_64-v7.0.2 -y -i /tmp/step_wet3.wav -af "afade=t=in:d=0.01,afade=t=out:st=1.4500000000000002:d=0.15" -ac 1 -b:a 56k /kaggle/working/step_wet3.mp3 -> 0 aggle/working/step_wet3.mp3':
  Metadata:
    TSSE            : Lavf61.1.100
  Stream #0:0: Audio: mp3, 16000 Hz, mono, s16p, 56 kb/s
      Metadata:
        encoder         : Lavc61.3.100 libmp3lame
[out#0/mp3 @ 0x14512380] video:0KiB audio:12KiB subtitle:0KiB other streams:0KiB global headers:0KiB muxing overhead: 2.499156%
size=      12KiB time=00:00:01.60 bitrate=  60.7kbits/s speed= 131x    

sfx ok step_wet3
$ /usr/local/lib/python3.12/dist-packages/imageio_ffmpeg/binaries/ffmpeg-linux-x86_64-v7.0.2 -y -i /tmp/step_metal1.wav -af "afade=t=in:d=0.01,afade=t=out:st=1.4500000000000002:d=0.15" -ac 1 -b:a 56k /kaggle/working/step_metal1.mp3 -> 0 gle/working/step_metal1.mp3':
  Metadata:
    TSSE            : Lavf61.1.100
  Stream #0:0: Audio: mp3, 16000 Hz, mono, s16p, 56 kb/s
      Metadata:
        encoder         : Lavc61.3.100 libmp3lame
[out#0/mp3 @ 0x18bc0380] video:0KiB audio:12KiB subtitle:0KiB other streams:0KiB global headers:0KiB muxing overhead: 2.499156%
size=      12KiB time=00:00:01.60 bitrate=  60.7kbits/s speed= 139x    

sfx ok step_metal1
$ /usr/local/lib/python3.12/dist-packages/imageio_ffmpeg/binaries/ffmpeg-linux-x86_64-v7.0.2 -y -i /tmp/step_metal2.wav -af "afade=t=in:d=0.01,afade=t=out:st=1.4500000000000002:d=0.15" -ac 1 -b:a 56k /kaggle/working/step_metal2.mp3 -> 0 gle/working/step_metal2.mp3':
  Metadata:
    TSSE            : Lavf61.1.100
  Stream #0:0: Audio: mp3, 16000 Hz, mono, s16p, 56 kb/s
      Metadata:
        encoder         : Lavc61.3.100 libmp3lame
[out#0/mp3 @ 0x328fe380] video:0KiB audio:12KiB subtitle:0KiB other streams:0KiB global headers:0KiB muxing overhead: 2.499156%
size=      12KiB time=00:00:01.60 bitrate=  60.7kbits/s speed= 132x    

sfx ok step_metal2
$ /usr/local/lib/python3.12/dist-packages/imageio_ffmpeg/binaries/ffmpeg-linux-x86_64-v7.0.2 -y -i /tmp/door_roll.wav -af "afade=t=in:d=0.01,afade=t=out:st=3.85:d=0.15" -ac 1 -b:a 56k /kaggle/working/door_roll.mp3 -> 0 aggle/working/door_roll.mp3':
  Metadata:
    TSSE            : Lavf61.1.100
  Stream #0:0: Audio: mp3, 16000 Hz, mono, s16p, 56 kb/s
      Metadata:
        encoder         : Lavc61.3.100 libmp3lame
[out#0/mp3 @ 0x28274700] video:0KiB audio:28KiB subtitle:0KiB other streams:0KiB global headers:0KiB muxing overhead: 1.030354%
size=      28KiB time=00:00:04.00 bitrate=  58.0kbits/s speed= 214x    

sfx ok door_roll
$ /usr/local/lib/python3.12/dist-packages/imageio_ffmpeg/binaries/ffmpeg-linux-x86_64-v7.0.2 -y -i /tmp/gate_slam.wav -af "afade=t=in:d=0.01,afade=t=out:st=3.35:d=0.15" -ac 1 -b:a 56k /kaggle/working/gate_slam.mp3 -> 0 aggle/working/gate_slam.mp3':
  Metadata:
    TSSE            : Lavf61.1.100
  Stream #0:0: Audio: mp3, 16000 Hz, mono, s16p, 56 kb/s
      Metadata:
        encoder         : Lavc61.3.100 libmp3lame
[out#0/mp3 @ 0x1da97700] video:0KiB audio:25KiB subtitle:0KiB other streams:0KiB global headers:0KiB muxing overhead: 1.174603%
size=      25KiB time=00:00:03.50 bitrate=  58.3kbits/s speed= 154x    

sfx ok gate_slam
$ /usr/local/lib/python3.12/dist-packages/imageio_ffmpeg/binaries/ffmpeg-linux-x86_64-v7.0.2 -y -i /tmp/mag_in.wav -af "afade=t=in:d=0.01,afade=t=out:st=1.85:d=0.15" -ac 1 -b:a 56k /kaggle/working/mag_in.mp3 -> 0 '/kaggle/working/mag_in.mp3':
  Metadata:
    TSSE            : Lavf61.1.100
  Stream #0:0: Audio: mp3, 16000 Hz, mono, s16p, 56 kb/s
      Metadata:
        encoder         : Lavc61.3.100 libmp3lame
[out#0/mp3 @ 0x37273280] video:0KiB audio:14KiB subtitle:0KiB other streams:0KiB global headers:0KiB muxing overhead: 2.025178%
size=      15KiB time=00:00:02.00 bitrate=  59.6kbits/s speed= 163x    

sfx ok mag_in
$ /usr/local/lib/python3.12/dist-packages/imageio_ffmpeg/binaries/ffmpeg-linux-x86_64-v7.0.2 -y -i /tmp/bolt.wav -af "afade=t=in:d=0.01,afade=t=out:st=1.85:d=0.15" -ac 1 -b:a 56k /kaggle/working/bolt.mp3 -> 0 o '/kaggle/working/bolt.mp3':
  Metadata:
    TSSE            : Lavf61.1.100
  Stream #0:0: Audio: mp3, 16000 Hz, mono, s16p, 56 kb/s
      Metadata:
        encoder         : Lavc61.3.100 libmp3lame
[out#0/mp3 @ 0x2b904280] video:0KiB audio:14KiB subtitle:0KiB other streams:0KiB global headers:0KiB muxing overhead: 2.025178%
size=      15KiB time=00:00:02.00 bitrate=  59.6kbits/s speed= 133x    

sfx ok bolt
$ /usr/local/lib/python3.12/dist-packages/imageio_ffmpeg/binaries/ffmpeg-linux-x86_64-v7.0.2 -y -i /tmp/casing1.wav -af "afade=t=in:d=0.01,afade=t=out:st=1.4500000000000002:d=0.15" -ac 1 -b:a 56k /kaggle/working/casing1.mp3 -> 0 /kaggle/working/casing1.mp3':
  Metadata:
    TSSE            : Lavf61.1.100
  Stream #0:0: Audio: mp3, 16000 Hz, mono, s16p, 56 kb/s
      Metadata:
        encoder         : Lavc61.3.100 libmp3lame
[out#0/mp3 @ 0x1cb47380] video:0KiB audio:12KiB subtitle:0KiB other streams:0KiB global headers:0KiB muxing overhead: 2.499156%
size=      12KiB time=00:00:01.60 bitrate=  60.7kbits/s speed= 137x    

sfx ok casing1
$ /usr/local/lib/python3.12/dist-packages/imageio_ffmpeg/binaries/ffmpeg-linux-x86_64-v7.0.2 -y -i /tmp/casing2.wav -af "afade=t=in:d=0.01,afade=t=out:st=1.6500000000000001:d=0.15" -ac 1 -b:a 56k /kaggle/working/casing2.mp3 -> 0 '/kaggle/working/casing2.mp3':
  Metadata:
    TSSE            : Lavf61.1.100
  Stream #0:0: Audio: mp3, 16000 Hz, mono, s16p, 56 kb/s
      Metadata:
        encoder         : Lavc61.3.100 libmp3lame
[out#0/mp3 @ 0xc2cb480] video:0KiB audio:13KiB subtitle:0KiB other streams:0KiB global headers:0KiB muxing overhead: 2.258852%
size=      13KiB time=00:00:01.80 bitrate=  59.6kbits/s speed= 151x    

sfx ok casing2
$ /usr/local/lib/python3.12/dist-packages/imageio_ffmpeg/binaries/ffmpeg-linux-x86_64-v7.0.2 -y -i /tmp/explosion.wav -af "afade=t=in:d=0.01,afade=t=out:st=4.85:d=0.15" -ac 1 -b:a 56k /kaggle/working/explosion.mp3 -> 0 kaggle/working/explosion.mp3':
  Metadata:
    TSSE            : Lavf61.1.100
  Stream #0:0: Audio: mp3, 16000 Hz, mono, s16p, 56 kb/s
      Metadata:
        encoder         : Lavc61.3.100 libmp3lame
[out#0/mp3 @ 0xa3d1700] video:0KiB audio:35KiB subtitle:0KiB other streams:0KiB global headers:0KiB muxing overhead: 0.833052%
size=      35KiB time=00:00:05.00 bitrate=  57.3kbits/s speed= 182x    

sfx ok explosion
$ /usr/local/lib/python3.12/dist-packages/imageio_ffmpeg/binaries/ffmpeg-linux-x86_64-v7.0.2 -y -i /tmp/ping1.wav -af "afade=t=in:d=0.01,afade=t=out:st=1.85:d=0.15" -ac 1 -b:a 56k /kaggle/working/ping1.mp3 -> 0  '/kaggle/working/ping1.mp3':
  Metadata:
    TSSE            : Lavf61.1.100
  Stream #0:0: Audio: mp3, 16000 Hz, mono, s16p, 56 kb/s
      Metadata:
        encoder         : Lavc61.3.100 libmp3lame
[out#0/mp3 @ 0x22d17280] video:0KiB audio:14KiB subtitle:0KiB other streams:0KiB global headers:0KiB muxing overhead: 2.025178%
size=      15KiB time=00:00:02.00 bitrate=  59.6kbits/s speed= 160x    

sfx ok ping1
$ /usr/local/lib/python3.12/dist-packages/imageio_ffmpeg/binaries/ffmpeg-linux-x86_64-v7.0.2 -y -i /tmp/ping2.wav -af "afade=t=in:d=0.01,afade=t=out:st=1.6500000000000001:d=0.15" -ac 1 -b:a 56k /kaggle/working/ping2.mp3 -> 0 o '/kaggle/working/ping2.mp3':
  Metadata:
    TSSE            : Lavf61.1.100
  Stream #0:0: Audio: mp3, 16000 Hz, mono, s16p, 56 kb/s
      Metadata:
        encoder         : Lavc61.3.100 libmp3lame
[out#0/mp3 @ 0x797f480] video:0KiB audio:13KiB subtitle:0KiB other streams:0KiB global headers:0KiB muxing overhead: 2.258852%
size=      13KiB time=00:00:01.80 bitrate=  59.6kbits/s speed= 138x    

sfx ok ping2
$ /usr/local/lib/python3.12/dist-packages/imageio_ffmpeg/binaries/ffmpeg-linux-x86_64-v7.0.2 -y -i /tmp/chip.wav -af "afade=t=in:d=0.01,afade=t=out:st=1.4500000000000002:d=0.15" -ac 1 -b:a 56k /kaggle/working/chip.mp3 -> 0 o '/kaggle/working/chip.mp3':
  Metadata:
    TSSE            : Lavf61.1.100
  Stream #0:0: Audio: mp3, 16000 Hz, mono, s16p, 56 kb/s
      Metadata:
        encoder         : Lavc61.3.100 libmp3lame
[out#0/mp3 @ 0x32448380] video:0KiB audio:12KiB subtitle:0KiB other streams:0KiB global headers:0KiB muxing overhead: 2.499156%
size=      12KiB time=00:00:01.60 bitrate=  60.7kbits/s speed= 118x    

sfx ok chip
$ /usr/local/lib/python3.12/dist-packages/imageio_ffmpeg/binaries/ffmpeg-linux-x86_64-v7.0.2 -y -i /tmp/radio.wav -af "afade=t=in:d=0.01,afade=t=out:st=2.35:d=0.15" -ac 1 -b:a 56k /kaggle/working/radio.mp3 -> 0  '/kaggle/working/radio.mp3':
  Metadata:
    TSSE            : Lavf61.1.100
  Stream #0:0: Audio: mp3, 16000 Hz, mono, s16p, 56 kb/s
      Metadata:
        encoder         : Lavc61.3.100 libmp3lame
[out#0/mp3 @ 0x44079f80] video:0KiB audio:18KiB subtitle:0KiB other streams:0KiB global headers:0KiB muxing overhead: 1.631393%
size=      18KiB time=00:00:02.50 bitrate=  59.0kbits/s speed= 170x    

sfx ok radio
$ /usr/local/lib/python3.12/dist-packages/imageio_ffmpeg/binaries/ffmpeg-linux-x86_64-v7.0.2 -y -i /tmp/heart.wav -af "afade=t=in:d=0.01,afade=t=out:st=3.85:d=0.15" -ac 1 -b:a 56k /kaggle/working/heart.mp3 -> 0  '/kaggle/working/heart.mp3':
  Metadata:
    TSSE            : Lavf61.1.100
  Stream #0:0: Audio: mp3, 16000 Hz, mono, s16p, 56 kb/s
      Metadata:
        encoder         : Lavc61.3.100 libmp3lame
[out#0/mp3 @ 0x1ebc1700] video:0KiB audio:28KiB subtitle:0KiB other streams:0KiB global headers:0KiB muxing overhead: 1.030354%
size=      28KiB time=00:00:04.00 bitrate=  58.0kbits/s speed= 193x    

sfx ok heart
finished in 263s; files: ['amb_rain.mp3', 'amb_wind.mp3', 'bolt.mp3', 'casing1.mp3', 'casing2.mp3', 'chip.mp3', 'door_roll.mp3', 'explosion.mp3', 'gate_slam.mp3', 'heart.mp3', 'mag_in.mp3', 'ping1.mp3', 'ping2.mp3', 'radio.mp3', 'run.log', 'step_metal1.mp3', 'step_metal2.mp3', 'step_wet1.mp3', 'step_wet2.mp3', 'step_wet3.mp3', 'thunder.mp3']
